[0.153s] DEBUG:colcon:Command line arguments: ['/usr/bin/colcon', 'build', '--symlink-install']
[0.153s] DEBUG:colcon:Parsed command line arguments: Namespace(log_base=None, log_level=None, verb_name='build', build_base='build', install_base='install', merge_install=False, symlink_install=True, test_result_base=None, continue_on_error=False, executor='parallel', parallel_workers=4, event_handlers=None, ignore_user_meta=False, metas=['./colcon.meta'], base_paths=['.'], packages_ignore=None, packages_ignore_regex=None, paths=None, packages_up_to=None, packages_up_to_regex=None, packages_above=None, packages_above_and_dependencies=None, packages_above_depth=None, packages_select_by_dep=None, packages_skip_by_dep=None, packages_skip_up_to=None, packages_select_build_failed=False, packages_skip_build_finished=False, packages_select_test_failures=False, packages_skip_test_passed=False, packages_select=None, packages_skip=None, packages_select_regex=None, packages_skip_regex=None, packages_start=None, packages_end=None, allow_overriding=[], cmake_args=None, cmake_target=None, cmake_target_skip_unavailable=False, cmake_clean_cache=False, cmake_clean_first=False, cmake_force_configure=False, ament_cmake_args=None, catkin_cmake_args=None, catkin_skip_building_tests=False, verb_parser=<colcon_defaults.argument_parser.defaults.DefaultArgumentsDecorator object at 0x745adcf55ed0>, verb_extension=<colcon_core.verb.build.BuildVerb object at 0x745add053400>, main=<bound method BuildVerb.main of <colcon_core.verb.build.BuildVerb object at 0x745add053400>>)
[0.364s] Level 1:colcon.colcon_core.package_discovery:discover_packages(colcon_meta) check parameters
[0.364s] Level 1:colcon.colcon_core.package_discovery:discover_packages(recursive) check parameters
[0.364s] Level 1:colcon.colcon_core.package_discovery:discover_packages(ignore) check parameters
[0.364s] Level 1:colcon.colcon_core.package_discovery:discover_packages(path) check parameters
[0.364s] Level 1:colcon.colcon_core.package_discovery:discover_packages(colcon_meta) discover
[0.364s] Level 1:colcon.colcon_core.package_discovery:discover_packages(recursive) discover
[0.364s] INFO:colcon.colcon_core.package_discovery:Crawling recursively for packages in '/home/t31/test/ws_Comp/autodrive_devkit1'
[0.364s] Level 1:colcon.colcon_core.package_identification:_identify(.) by extensions ['ignore', 'ignore_ament_install']
[0.365s] Level 1:colcon.colcon_core.package_identification:_identify(.) by extension 'ignore'
[0.365s] Level 1:colcon.colcon_core.package_identification:_identify(.) by extension 'ignore_ament_install'
[0.365s] Level 1:colcon.colcon_core.package_identification:_identify(.) by extensions ['colcon_pkg']
[0.366s] Level 1:colcon.colcon_core.package_identification:_identify(.) by extension 'colcon_pkg'
[0.366s] Level 1:colcon.colcon_core.package_identification:_identify(.) by extensions ['colcon_meta']
[0.366s] Level 1:colcon.colcon_core.package_identification:_identify(.) by extension 'colcon_meta'
[0.366s] Level 1:colcon.colcon_core.package_identification:_identify(.) by extensions ['ros']
[0.366s] Level 1:colcon.colcon_core.package_identification:_identify(.) by extension 'ros'
[0.380s] DEBUG:colcon.colcon_core.package_identification:Package '.' with type 'ros.ament_python' and name 'autodrive_roboracer'
[0.380s] Level 1:colcon.colcon_core.package_discovery:discover_packages(recursive) using defaults
[0.380s] Level 1:colcon.colcon_core.package_discovery:discover_packages(ignore) discover
[0.380s] Level 1:colcon.colcon_core.package_discovery:discover_packages(ignore) using defaults
[0.380s] Level 1:colcon.colcon_core.package_discovery:discover_packages(path) discover
[0.380s] Level 1:colcon.colcon_core.package_discovery:discover_packages(path) using defaults
[0.413s] Level 1:colcon.colcon_core.package_discovery:discover_packages(prefix_path) check parameters
[0.413s] Level 1:colcon.colcon_core.package_discovery:discover_packages(prefix_path) discover
[0.415s] DEBUG:colcon.colcon_installed_package_information.package_discovery:Found 2 installed packages in /home/t31/test/ws_Comp/install
[0.416s] DEBUG:colcon.colcon_installed_package_information.package_discovery:Found 2 installed packages in /home/t31/test/ws_Comp/autodrive_devkit1/install
[0.418s] DEBUG:colcon.colcon_installed_package_information.package_discovery:Found 329 installed packages in /opt/ros/humble
[0.419s] Level 1:colcon.colcon_core.package_discovery:discover_packages(prefix_path) using defaults
[0.476s] Level 5:colcon.colcon_core.verb:set package 'autodrive_roboracer' build argument 'cmake_args' from command line to 'None'
[0.476s] Level 5:colcon.colcon_core.verb:set package 'autodrive_roboracer' build argument 'cmake_target' from command line to 'None'
[0.476s] Level 5:colcon.colcon_core.verb:set package 'autodrive_roboracer' build argument 'cmake_target_skip_unavailable' from command line to 'False'
[0.476s] Level 5:colcon.colcon_core.verb:set package 'autodrive_roboracer' build argument 'cmake_clean_cache' from command line to 'False'
[0.476s] Level 5:colcon.colcon_core.verb:set package 'autodrive_roboracer' build argument 'cmake_clean_first' from command line to 'False'
[0.477s] Level 5:colcon.colcon_core.verb:set package 'autodrive_roboracer' build argument 'cmake_force_configure' from command line to 'False'
[0.477s] Level 5:colcon.colcon_core.verb:set package 'autodrive_roboracer' build argument 'ament_cmake_args' from command line to 'None'
[0.477s] Level 5:colcon.colcon_core.verb:set package 'autodrive_roboracer' build argument 'catkin_cmake_args' from command line to 'None'
[0.477s] Level 5:colcon.colcon_core.verb:set package 'autodrive_roboracer' build argument 'catkin_skip_building_tests' from command line to 'False'
[0.477s] DEBUG:colcon.colcon_core.verb:Building package 'autodrive_roboracer' with the following arguments: {'ament_cmake_args': None, 'build_base': '/home/t31/test/ws_Comp/autodrive_devkit1/build/autodrive_roboracer', 'catkin_cmake_args': None, 'catkin_skip_building_tests': False, 'cmake_args': None, 'cmake_clean_cache': False, 'cmake_clean_first': False, 'cmake_force_configure': False, 'cmake_target': None, 'cmake_target_skip_unavailable': False, 'install_base': '/home/t31/test/ws_Comp/autodrive_devkit1/install/autodrive_roboracer', 'merge_install': False, 'path': '/home/t31/test/ws_Comp/autodrive_devkit1', 'symlink_install': True, 'test_result_base': None}
[0.477s] INFO:colcon.colcon_core.executor:Executing jobs using 'parallel' executor
[0.479s] DEBUG:colcon.colcon_parallel_executor.executor.parallel:run_until_complete
[0.480s] INFO:colcon.colcon_ros.task.ament_python.build:Building ROS package in '/home/t31/test/ws_Comp/autodrive_devkit1' with build type 'ament_python'
[0.480s] Level 1:colcon.colcon_core.shell:create_environment_hook('autodrive_roboracer', 'ament_prefix_path')
[0.482s] INFO:colcon.colcon_core.plugin_system:Skipping extension 'colcon_core.shell.bat': Not used on non-Windows systems
[0.482s] INFO:colcon.colcon_core.shell:Creating environment hook '/home/t31/test/ws_Comp/autodrive_devkit1/install/autodrive_roboracer/share/autodrive_roboracer/hook/ament_prefix_path.ps1'
[0.483s] INFO:colcon.colcon_core.shell:Creating environment descriptor '/home/t31/test/ws_Comp/autodrive_devkit1/install/autodrive_roboracer/share/autodrive_roboracer/hook/ament_prefix_path.dsv'
[0.484s] INFO:colcon.colcon_core.shell:Creating environment hook '/home/t31/test/ws_Comp/autodrive_devkit1/install/autodrive_roboracer/share/autodrive_roboracer/hook/ament_prefix_path.sh'
[0.485s] INFO:colcon.colcon_core.shell:Skip shell extension 'powershell' for command environment: Not usable outside of PowerShell
[0.485s] DEBUG:colcon.colcon_core.shell:Skip shell extension 'dsv' for command environment
[0.870s] INFO:colcon.colcon_core.task.python.build:Building Python package in '/home/t31/test/ws_Comp/autodrive_devkit1'
[0.870s] INFO:colcon.colcon_core.shell:Skip shell extension 'powershell' for command environment: Not usable outside of PowerShell
[0.870s] DEBUG:colcon.colcon_core.shell:Skip shell extension 'dsv' for command environment
[1.297s] DEBUG:colcon.colcon_core.event_handler.log_command:Invoking command in '/home/t31/test/ws_Comp/autodrive_devkit1/build/autodrive_roboracer': PYTHONPATH=/home/t31/test/ws_Comp/autodrive_devkit1/build/autodrive_roboracer/prefix_override:/usr/lib/python3/dist-packages/colcon_core/task/python/colcon_distutils_commands:/home/t31/test/ws_Comp/autodrive_devkit1/install/autodrive_roboracer/lib/python3.10/site-packages:${PYTHONPATH} VIRTUAL_ENV_PROMPT=(.venv) /usr/bin/python3 -W ignore:setup.py install is deprecated -W ignore:easy_install command is deprecated setup.py develop --editable --build-directory /home/t31/test/ws_Comp/autodrive_devkit1/build/autodrive_roboracer/build --no-deps symlink_data
[2.014s] Level 1:colcon.colcon_core.shell:create_environment_hook('autodrive_roboracer', 'pythonpath_develop')
[2.015s] INFO:colcon.colcon_core.shell:Creating environment hook '/home/t31/test/ws_Comp/autodrive_devkit1/build/autodrive_roboracer/share/autodrive_roboracer/hook/pythonpath_develop.ps1'
[2.017s] INFO:colcon.colcon_core.shell:Creating environment descriptor '/home/t31/test/ws_Comp/autodrive_devkit1/build/autodrive_roboracer/share/autodrive_roboracer/hook/pythonpath_develop.dsv'
[2.016s] DEBUG:colcon.colcon_core.event_handler.log_command:Invoked command in '/home/t31/test/ws_Comp/autodrive_devkit1/build/autodrive_roboracer' returned '0': PYTHONPATH=/home/t31/test/ws_Comp/autodrive_devkit1/build/autodrive_roboracer/prefix_override:/usr/lib/python3/dist-packages/colcon_core/task/python/colcon_distutils_commands:/home/t31/test/ws_Comp/autodrive_devkit1/install/autodrive_roboracer/lib/python3.10/site-packages:${PYTHONPATH} VIRTUAL_ENV_PROMPT=(.venv) /usr/bin/python3 -W ignore:setup.py install is deprecated -W ignore:easy_install command is deprecated setup.py develop --editable --build-directory /home/t31/test/ws_Comp/autodrive_devkit1/build/autodrive_roboracer/build --no-deps symlink_data
[2.017s] INFO:colcon.colcon_core.shell:Creating environment hook '/home/t31/test/ws_Comp/autodrive_devkit1/build/autodrive_roboracer/share/autodrive_roboracer/hook/pythonpath_develop.sh'
[2.021s] Level 1:colcon.colcon_core.environment:checking '/home/t31/test/ws_Comp/autodrive_devkit1/install/autodrive_roboracer' for CMake module files
[2.022s] Level 1:colcon.colcon_core.environment:checking '/home/t31/test/ws_Comp/autodrive_devkit1/install/autodrive_roboracer' for CMake config files
[2.022s] Level 1:colcon.colcon_core.environment:checking '/home/t31/test/ws_Comp/autodrive_devkit1/install/autodrive_roboracer/lib'
[2.023s] Level 1:colcon.colcon_core.environment:checking '/home/t31/test/ws_Comp/autodrive_devkit1/install/autodrive_roboracer/bin'
[2.023s] Level 1:colcon.colcon_core.environment:checking '/home/t31/test/ws_Comp/autodrive_devkit1/install/autodrive_roboracer/lib/pkgconfig/autodrive_roboracer.pc'
[2.023s] Level 1:colcon.colcon_core.environment:checking '/home/t31/test/ws_Comp/autodrive_devkit1/install/autodrive_roboracer/lib/python3.10/site-packages'
[2.023s] Level 1:colcon.colcon_core.shell:create_environment_hook('autodrive_roboracer', 'pythonpath')
[2.024s] INFO:colcon.colcon_core.shell:Creating environment hook '/home/t31/test/ws_Comp/autodrive_devkit1/install/autodrive_roboracer/share/autodrive_roboracer/hook/pythonpath.ps1'
[2.024s] INFO:colcon.colcon_core.shell:Creating environment descriptor '/home/t31/test/ws_Comp/autodrive_devkit1/install/autodrive_roboracer/share/autodrive_roboracer/hook/pythonpath.dsv'
[2.025s] INFO:colcon.colcon_core.shell:Creating environment hook '/home/t31/test/ws_Comp/autodrive_devkit1/install/autodrive_roboracer/share/autodrive_roboracer/hook/pythonpath.sh'
[2.025s] Level 1:colcon.colcon_core.environment:checking '/home/t31/test/ws_Comp/autodrive_devkit1/install/autodrive_roboracer/bin'
[2.025s] Level 1:colcon.colcon_core.environment:create_environment_scripts_only(autodrive_roboracer)
[2.026s] INFO:colcon.colcon_core.shell:Creating package script '/home/t31/test/ws_Comp/autodrive_devkit1/install/autodrive_roboracer/share/autodrive_roboracer/package.ps1'
[2.028s] INFO:colcon.colcon_core.shell:Creating package descriptor '/home/t31/test/ws_Comp/autodrive_devkit1/install/autodrive_roboracer/share/autodrive_roboracer/package.dsv'
[2.030s] INFO:colcon.colcon_core.shell:Creating package script '/home/t31/test/ws_Comp/autodrive_devkit1/install/autodrive_roboracer/share/autodrive_roboracer/package.sh'
[2.031s] INFO:colcon.colcon_core.shell:Creating package script '/home/t31/test/ws_Comp/autodrive_devkit1/install/autodrive_roboracer/share/autodrive_roboracer/package.bash'
[2.032s] INFO:colcon.colcon_core.shell:Creating package script '/home/t31/test/ws_Comp/autodrive_devkit1/install/autodrive_roboracer/share/autodrive_roboracer/package.zsh'
[2.033s] Level 1:colcon.colcon_core.environment:create_file_with_runtime_dependencies(/home/t31/test/ws_Comp/autodrive_devkit1/install/autodrive_roboracer/share/colcon-core/packages/autodrive_roboracer)
[2.034s] DEBUG:colcon.colcon_parallel_executor.executor.parallel:closing loop
[2.034s] DEBUG:colcon.colcon_parallel_executor.executor.parallel:loop closed
[2.034s] DEBUG:colcon.colcon_parallel_executor.executor.parallel:run_until_complete finished with '0'
[2.034s] DEBUG:colcon.colcon_core.event_reactor:joining thread
[2.043s] INFO:colcon.colcon_core.plugin_system:Skipping extension 'colcon_notification.desktop_notification.terminal_notifier': Not used on non-Darwin systems
[2.043s] INFO:colcon.colcon_core.plugin_system:Skipping extension 'colcon_notification.desktop_notification.win32': Not used on non-Windows systems
[2.043s] INFO:colcon.colcon_notification.desktop_notification:Sending desktop notification using 'notify2'
[2.065s] DEBUG:colcon.colcon_core.event_reactor:joined thread
[2.066s] INFO:colcon.colcon_core.shell:Creating prefix script '/home/t31/test/ws_Comp/autodrive_devkit1/install/local_setup.ps1'
[2.067s] INFO:colcon.colcon_core.shell:Creating prefix util module '/home/t31/test/ws_Comp/autodrive_devkit1/install/_local_setup_util_ps1.py'
[2.069s] INFO:colcon.colcon_core.shell:Creating prefix chain script '/home/t31/test/ws_Comp/autodrive_devkit1/install/setup.ps1'
[2.074s] INFO:colcon.colcon_core.shell:Creating prefix script '/home/t31/test/ws_Comp/autodrive_devkit1/install/local_setup.sh'
[2.074s] INFO:colcon.colcon_core.shell:Creating prefix util module '/home/t31/test/ws_Comp/autodrive_devkit1/install/_local_setup_util_sh.py'
[2.075s] INFO:colcon.colcon_core.shell:Creating prefix chain script '/home/t31/test/ws_Comp/autodrive_devkit1/install/setup.sh'
[2.079s] INFO:colcon.colcon_core.shell:Creating prefix script '/home/t31/test/ws_Comp/autodrive_devkit1/install/local_setup.bash'
[2.080s] INFO:colcon.colcon_core.shell:Creating prefix chain script '/home/t31/test/ws_Comp/autodrive_devkit1/install/setup.bash'
[2.082s] INFO:colcon.colcon_core.shell:Creating prefix script '/home/t31/test/ws_Comp/autodrive_devkit1/install/local_setup.zsh'
[2.084s] INFO:colcon.colcon_core.shell:Creating prefix chain script '/home/t31/test/ws_Comp/autodrive_devkit1/install/setup.zsh'
