running develop
running egg_info
creating roboracer_autonomy.egg-info
writing roboracer_autonomy.egg-info/PKG-INFO
writing dependency_links to roboracer_autonomy.egg-info/dependency_links.txt
writing entry points to roboracer_autonomy.egg-info/entry_points.txt
writing requirements to roboracer_autonomy.egg-info/requires.txt
writing top-level names to roboracer_autonomy.egg-info/top_level.txt
writing manifest file 'roboracer_autonomy.egg-info/SOURCES.txt'
reading manifest file 'roboracer_autonomy.egg-info/SOURCES.txt'
writing manifest file 'roboracer_autonomy.egg-info/SOURCES.txt'
running build_ext
Creating /home/t31/test/ws_Comp/autodrive_devkit1/install/roboracer_autonomy/lib/python3.10/site-packages/roboracer-autonomy.egg-link (link to .)
Installing autonomy_node script to /home/t31/test/ws_Comp/autodrive_devkit1/install/roboracer_autonomy/lib/roboracer_autonomy

Installed /home/t31/test/ws_Comp/autodrive_devkit1/build/roboracer_autonomy
running symlink_data
creating /home/t31/test/ws_Comp/autodrive_devkit1/install/roboracer_autonomy/share/ament_index
creating /home/t31/test/ws_Comp/autodrive_devkit1/install/roboracer_autonomy/share/ament_index/resource_index
creating /home/t31/test/ws_Comp/autodrive_devkit1/install/roboracer_autonomy/share/ament_index/resource_index/packages
symbolically linking /home/t31/test/ws_Comp/autodrive_devkit1/build/roboracer_autonomy/resource/roboracer_autonomy -> /home/t31/test/ws_Comp/autodrive_devkit1/install/roboracer_autonomy/share/ament_index/resource_index/packages
symbolically linking /home/t31/test/ws_Comp/autodrive_devkit1/build/roboracer_autonomy/package.xml -> /home/t31/test/ws_Comp/autodrive_devkit1/install/roboracer_autonomy/share/roboracer_autonomy
creating /home/t31/test/ws_Comp/autodrive_devkit1/install/roboracer_autonomy/share/roboracer_autonomy/launch
symbolically linking /home/t31/test/ws_Comp/autodrive_devkit1/build/roboracer_autonomy/launch/bringup_graphics.launch.py -> /home/t31/test/ws_Comp/autodrive_devkit1/install/roboracer_autonomy/share/roboracer_autonomy/launch
symbolically linking /home/t31/test/ws_Comp/autodrive_devkit1/build/roboracer_autonomy/launch/bringup_headless.launch.py -> /home/t31/test/ws_Comp/autodrive_devkit1/install/roboracer_autonomy/share/roboracer_autonomy/launch
