running develop
running egg_info
creating autodrive_roboracer.egg-info
writing autodrive_roboracer.egg-info/PKG-INFO
writing dependency_links to autodrive_roboracer.egg-info/dependency_links.txt
writing entry points to autodrive_roboracer.egg-info/entry_points.txt
writing requirements to autodrive_roboracer.egg-info/requires.txt
writing top-level names to autodrive_roboracer.egg-info/top_level.txt
writing manifest file 'autodrive_roboracer.egg-info/SOURCES.txt'
reading manifest file 'autodrive_roboracer.egg-info/SOURCES.txt'
writing manifest file 'autodrive_roboracer.egg-info/SOURCES.txt'
running build_ext
Creating /home/t31/test/ws_Comp/autodrive_devkit1/install/autodrive_roboracer/lib/python3.10/site-packages/autodrive-roboracer.egg-link (link to .)
Installing autodrive_bridge script to /home/t31/test/ws_Comp/autodrive_devkit1/install/autodrive_roboracer/lib/autodrive_roboracer
Installing teleop_keyboard script to /home/t31/test/ws_Comp/autodrive_devkit1/install/autodrive_roboracer/lib/autodrive_roboracer

Installed /home/t31/test/ws_Comp/autodrive_devkit1/build/autodrive_roboracer
running symlink_data
creating /home/t31/test/ws_Comp/autodrive_devkit1/install/autodrive_roboracer/share/ament_index
creating /home/t31/test/ws_Comp/autodrive_devkit1/install/autodrive_roboracer/share/ament_index/resource_index
creating /home/t31/test/ws_Comp/autodrive_devkit1/install/autodrive_roboracer/share/ament_index/resource_index/packages
symbolically linking /home/t31/test/ws_Comp/autodrive_devkit1/build/autodrive_roboracer/resource/autodrive_roboracer -> /home/t31/test/ws_Comp/autodrive_devkit1/install/autodrive_roboracer/share/ament_index/resource_index/packages
symbolically linking /home/t31/test/ws_Comp/autodrive_devkit1/build/autodrive_roboracer/package.xml -> /home/t31/test/ws_Comp/autodrive_devkit1/install/autodrive_roboracer/share/autodrive_roboracer
creating /home/t31/test/ws_Comp/autodrive_devkit1/install/autodrive_roboracer/share/autodrive_roboracer/launch
symbolically linking /home/t31/test/ws_Comp/autodrive_devkit1/build/autodrive_roboracer/launch/bringup_graphics.launch.py -> /home/t31/test/ws_Comp/autodrive_devkit1/install/autodrive_roboracer/share/autodrive_roboracer/launch
symbolically linking /home/t31/test/ws_Comp/autodrive_devkit1/build/autodrive_roboracer/launch/bringup_headless.launch.py -> /home/t31/test/ws_Comp/autodrive_devkit1/install/autodrive_roboracer/share/autodrive_roboracer/launch
creating /home/t31/test/ws_Comp/autodrive_devkit1/install/autodrive_roboracer/share/autodrive_roboracer/rviz
symbolically linking /home/t31/test/ws_Comp/autodrive_devkit1/build/autodrive_roboracer/rviz/autodrive_roboracer.rviz -> /home/t31/test/ws_Comp/autodrive_devkit1/install/autodrive_roboracer/share/autodrive_roboracer/rviz
