[0.505s] Invoking command in '/home/t31/test/ws_Comp/autodrive_devkit1/build/autodrive_roboracer': PYTHONPATH=/home/t31/test/ws_Comp/autodrive_devkit1/build/autodrive_roboracer/prefix_override:/usr/lib/python3/dist-packages/colcon_core/task/python/colcon_distutils_commands:/home/t31/test/ws_Comp/autodrive_devkit1/install/autodrive_roboracer/lib/python3.10/site-packages:${PYTHONPATH} /usr/bin/python3 -W ignore:setup.py install is deprecated -W ignore:easy_install command is deprecated setup.py develop --editable --build-directory /home/t31/test/ws_Comp/autodrive_devkit1/build/autodrive_roboracer/build --no-deps symlink_data
[0.714s] running develop
[0.849s] running egg_info
[0.850s] creating autodrive_roboracer.egg-info
[0.850s] writing autodrive_roboracer.egg-info/PKG-INFO
[0.850s] writing dependency_links to autodrive_roboracer.egg-info/dependency_links.txt
[0.850s] writing entry points to autodrive_roboracer.egg-info/entry_points.txt
[0.850s] writing requirements to autodrive_roboracer.egg-info/requires.txt
[0.850s] writing top-level names to autodrive_roboracer.egg-info/top_level.txt
[0.850s] writing manifest file 'autodrive_roboracer.egg-info/SOURCES.txt'
[0.851s] reading manifest file 'autodrive_roboracer.egg-info/SOURCES.txt'
[0.852s] writing manifest file 'autodrive_roboracer.egg-info/SOURCES.txt'
[0.853s] running build_ext
[0.853s] Creating /home/t31/test/ws_Comp/autodrive_devkit1/install/autodrive_roboracer/lib/python3.10/site-packages/autodrive-roboracer.egg-link (link to .)
[0.854s] Installing autodrive_bridge script to /home/t31/test/ws_Comp/autodrive_devkit1/install/autodrive_roboracer/lib/autodrive_roboracer
[0.854s] Installing teleop_keyboard script to /home/t31/test/ws_Comp/autodrive_devkit1/install/autodrive_roboracer/lib/autodrive_roboracer
[0.854s] 
[0.854s] Installed /home/t31/test/ws_Comp/autodrive_devkit1/build/autodrive_roboracer
[0.854s] running symlink_data
[0.854s] creating /home/t31/test/ws_Comp/autodrive_devkit1/install/autodrive_roboracer/share/ament_index
[0.854s] creating /home/t31/test/ws_Comp/autodrive_devkit1/install/autodrive_roboracer/share/ament_index/resource_index
[0.854s] creating /home/t31/test/ws_Comp/autodrive_devkit1/install/autodrive_roboracer/share/ament_index/resource_index/packages
[0.854s] symbolically linking /home/t31/test/ws_Comp/autodrive_devkit1/build/autodrive_roboracer/resource/autodrive_roboracer -> /home/t31/test/ws_Comp/autodrive_devkit1/install/autodrive_roboracer/share/ament_index/resource_index/packages
[0.854s] symbolically linking /home/t31/test/ws_Comp/autodrive_devkit1/build/autodrive_roboracer/package.xml -> /home/t31/test/ws_Comp/autodrive_devkit1/install/autodrive_roboracer/share/autodrive_roboracer
[0.854s] creating /home/t31/test/ws_Comp/autodrive_devkit1/install/autodrive_roboracer/share/autodrive_roboracer/launch
[0.855s] symbolically linking /home/t31/test/ws_Comp/autodrive_devkit1/build/autodrive_roboracer/launch/bringup_graphics.launch.py -> /home/t31/test/ws_Comp/autodrive_devkit1/install/autodrive_roboracer/share/autodrive_roboracer/launch
[0.855s] symbolically linking /home/t31/test/ws_Comp/autodrive_devkit1/build/autodrive_roboracer/launch/bringup_headless.launch.py -> /home/t31/test/ws_Comp/autodrive_devkit1/install/autodrive_roboracer/share/autodrive_roboracer/launch
[0.855s] creating /home/t31/test/ws_Comp/autodrive_devkit1/install/autodrive_roboracer/share/autodrive_roboracer/rviz
[0.855s] symbolically linking /home/t31/test/ws_Comp/autodrive_devkit1/build/autodrive_roboracer/rviz/autodrive_roboracer.rviz -> /home/t31/test/ws_Comp/autodrive_devkit1/install/autodrive_roboracer/share/autodrive_roboracer/rviz
[0.876s] Invoked command in '/home/t31/test/ws_Comp/autodrive_devkit1/build/autodrive_roboracer' returned '0': PYTHONPATH=/home/t31/test/ws_Comp/autodrive_devkit1/build/autodrive_roboracer/prefix_override:/usr/lib/python3/dist-packages/colcon_core/task/python/colcon_distutils_commands:/home/t31/test/ws_Comp/autodrive_devkit1/install/autodrive_roboracer/lib/python3.10/site-packages:${PYTHONPATH} /usr/bin/python3 -W ignore:setup.py install is deprecated -W ignore:easy_install command is deprecated setup.py develop --editable --build-directory /home/t31/test/ws_Comp/autodrive_devkit1/build/autodrive_roboracer/build --no-deps symlink_data
