[2.101s] DEBUG:colcon:Command line arguments: ['/usr/bin/colcon', 'build', '--symlink-install', '--base-paths', '.', 'roboracer_autonomy']
[2.101s] DEBUG:colcon:Parsed command line arguments: Namespace(log_base=None, log_level=None, verb_name='build', build_base='build', install_base='install', merge_install=False, symlink_install=True, test_result_base=None, continue_on_error=False, executor='parallel', parallel_workers=4, event_handlers=None, ignore_user_meta=False, metas=['./colcon.meta'], base_paths=['.', 'roboracer_autonomy'], packages_ignore=None, packages_ignore_regex=None, paths=None, packages_up_to=None, packages_up_to_regex=None, packages_above=None, packages_above_and_dependencies=None, packages_above_depth=None, packages_select_by_dep=None, packages_skip_by_dep=None, packages_skip_up_to=None, packages_select_build_failed=False, packages_skip_build_finished=False, packages_select_test_failures=False, packages_skip_test_passed=False, packages_select=None, packages_skip=None, packages_select_regex=None, packages_skip_regex=None, packages_start=None, packages_end=None, allow_overriding=[], cmake_args=None, cmake_target=None, cmake_target_skip_unavailable=False, cmake_clean_cache=False, cmake_clean_first=False, cmake_force_configure=False, ament_cmake_args=None, catkin_cmake_args=None, catkin_skip_building_tests=False, verb_parser=<colcon_defaults.argument_parser.defaults.DefaultArgumentsDecorator object at 0x7e8fe7a604c0>, verb_extension=<colcon_core.verb.build.BuildVerb object at 0x7e8fe7b5d930>, main=<bound method BuildVerb.main of <colcon_core.verb.build.BuildVerb object at 0x7e8fe7b5d930>>)
[4.757s] Level 1:colcon.colcon_core.package_discovery:discover_packages(colcon_meta) check parameters
[4.757s] Level 1:colcon.colcon_core.package_discovery:discover_packages(recursive) check parameters
[4.757s] Level 1:colcon.colcon_core.package_discovery:discover_packages(ignore) check parameters
[4.757s] Level 1:colcon.colcon_core.package_discovery:discover_packages(path) check parameters
[4.757s] Level 1:colcon.colcon_core.package_discovery:discover_packages(recursive) discover
[4.757s] INFO:colcon.colcon_core.package_discovery:Crawling recursively for packages in '/home/t31/test/ws_Comp/autodrive_devkit1', '/home/t31/test/ws_Comp/autodrive_devkit1/roboracer_autonomy'
[4.757s] Level 1:colcon.colcon_core.package_identification:_identify(.) by extensions ['ignore', 'ignore_ament_install']
[4.758s] Level 1:colcon.colcon_core.package_identification:_identify(.) by extension 'ignore'
[4.758s] Level 1:colcon.colcon_core.package_identification:_identify(.) by extension 'ignore_ament_install'
[4.758s] Level 1:colcon.colcon_core.package_identification:_identify(.) by extensions ['colcon_pkg']
[4.758s] Level 1:colcon.colcon_core.package_identification:_identify(.) by extension 'colcon_pkg'
[4.758s] Level 1:colcon.colcon_core.package_identification:_identify(.) by extensions ['colcon_meta']
[4.758s] Level 1:colcon.colcon_core.package_identification:_identify(.) by extension 'colcon_meta'
[4.758s] Level 1:colcon.colcon_core.package_identification:_identify(.) by extensions ['ros']
[4.758s] Level 1:colcon.colcon_core.package_identification:_identify(.) by extension 'ros'
[4.807s] DEBUG:colcon.colcon_core.package_identification:Package '.' with type 'ros.ament_python' and name 'autodrive_roboracer'
[4.807s] Level 1:colcon.colcon_core.package_identification:_identify(roboracer_autonomy) by extensions ['ignore', 'ignore_ament_install']
[4.807s] Level 1:colcon.colcon_core.package_identification:_identify(roboracer_autonomy) by extension 'ignore'
[4.807s] Level 1:colcon.colcon_core.package_identification:_identify(roboracer_autonomy) by extension 'ignore_ament_install'
[4.807s] Level 1:colcon.colcon_core.package_identification:_identify(roboracer_autonomy) by extensions ['colcon_pkg']
[4.807s] Level 1:colcon.colcon_core.package_identification:_identify(roboracer_autonomy) by extension 'colcon_pkg'
[4.807s] Level 1:colcon.colcon_core.package_identification:_identify(roboracer_autonomy) by extensions ['colcon_meta']
[4.807s] Level 1:colcon.colcon_core.package_identification:_identify(roboracer_autonomy) by extension 'colcon_meta'
[4.807s] Level 1:colcon.colcon_core.package_identification:_identify(roboracer_autonomy) by extensions ['ros']
[4.808s] Level 1:colcon.colcon_core.package_identification:_identify(roboracer_autonomy) by extension 'ros'
[4.808s] DEBUG:colcon.colcon_core.package_identification:Package 'roboracer_autonomy' with type 'ros.ament_python' and name 'roboracer_autonomy'
[4.808s] Level 1:colcon.colcon_core.package_discovery:discover_packages(recursive) using defaults
[4.979s] Level 1:colcon.colcon_core.package_discovery:discover_packages(prefix_path) check parameters
[4.979s] Level 1:colcon.colcon_core.package_discovery:discover_packages(prefix_path) discover
[4.983s] DEBUG:colcon.colcon_installed_package_information.package_discovery:Found 329 installed packages in /opt/ros/humble
[4.984s] Level 1:colcon.colcon_core.package_discovery:discover_packages(prefix_path) using defaults
[5.049s] Level 5:colcon.colcon_core.verb:set package 'autodrive_roboracer' build argument 'cmake_args' from command line to 'None'
[5.049s] Level 5:colcon.colcon_core.verb:set package 'autodrive_roboracer' build argument 'cmake_target' from command line to 'None'
[5.049s] Level 5:colcon.colcon_core.verb:set package 'autodrive_roboracer' build argument 'cmake_target_skip_unavailable' from command line to 'False'
[5.049s] Level 5:colcon.colcon_core.verb:set package 'autodrive_roboracer' build argument 'cmake_clean_cache' from command line to 'False'
[5.049s] Level 5:colcon.colcon_core.verb:set package 'autodrive_roboracer' build argument 'cmake_clean_first' from command line to 'False'
[5.049s] Level 5:colcon.colcon_core.verb:set package 'autodrive_roboracer' build argument 'cmake_force_configure' from command line to 'False'
[5.049s] Level 5:colcon.colcon_core.verb:set package 'autodrive_roboracer' build argument 'ament_cmake_args' from command line to 'None'
[5.049s] Level 5:colcon.colcon_core.verb:set package 'autodrive_roboracer' build argument 'catkin_cmake_args' from command line to 'None'
[5.049s] Level 5:colcon.colcon_core.verb:set package 'autodrive_roboracer' build argument 'catkin_skip_building_tests' from command line to 'False'
[5.050s] DEBUG:colcon.colcon_core.verb:Building package 'autodrive_roboracer' with the following arguments: {'ament_cmake_args': None, 'build_base': '/home/t31/test/ws_Comp/autodrive_devkit1/build/autodrive_roboracer', 'catkin_cmake_args': None, 'catkin_skip_building_tests': False, 'cmake_args': None, 'cmake_clean_cache': False, 'cmake_clean_first': False, 'cmake_force_configure': False, 'cmake_target': None, 'cmake_target_skip_unavailable': False, 'install_base': '/home/t31/test/ws_Comp/autodrive_devkit1/install/autodrive_roboracer', 'merge_install': False, 'path': '/home/t31/test/ws_Comp/autodrive_devkit1', 'symlink_install': True, 'test_result_base': None}
[5.050s] Level 5:colcon.colcon_core.verb:set package 'roboracer_autonomy' build argument 'cmake_args' from command line to 'None'
[5.050s] Level 5:colcon.colcon_core.verb:set package 'roboracer_autonomy' build argument 'cmake_target' from command line to 'None'
[5.050s] Level 5:colcon.colcon_core.verb:set package 'roboracer_autonomy' build argument 'cmake_target_skip_unavailable' from command line to 'False'
[5.050s] Level 5:colcon.colcon_core.verb:set package 'roboracer_autonomy' build argument 'cmake_clean_cache' from command line to 'False'
[5.050s] Level 5:colcon.colcon_core.verb:set package 'roboracer_autonomy' build argument 'cmake_clean_first' from command line to 'False'
[5.050s] Level 5:colcon.colcon_core.verb:set package 'roboracer_autonomy' build argument 'cmake_force_configure' from command line to 'False'
[5.050s] Level 5:colcon.colcon_core.verb:set package 'roboracer_autonomy' build argument 'ament_cmake_args' from command line to 'None'
[5.050s] Level 5:colcon.colcon_core.verb:set package 'roboracer_autonomy' build argument 'catkin_cmake_args' from command line to 'None'
[5.050s] Level 5:colcon.colcon_core.verb:set package 'roboracer_autonomy' build argument 'catkin_skip_building_tests' from command line to 'False'
[5.050s] DEBUG:colcon.colcon_core.verb:Building package 'roboracer_autonomy' with the following arguments: {'ament_cmake_args': None, 'build_base': '/home/t31/test/ws_Comp/autodrive_devkit1/build/roboracer_autonomy', 'catkin_cmake_args': None, 'catkin_skip_building_tests': False, 'cmake_args': None, 'cmake_clean_cache': False, 'cmake_clean_first': False, 'cmake_force_configure': False, 'cmake_target': None, 'cmake_target_skip_unavailable': False, 'install_base': '/home/t31/test/ws_Comp/autodrive_devkit1/install/roboracer_autonomy', 'merge_install': False, 'path': '/home/t31/test/ws_Comp/autodrive_devkit1/roboracer_autonomy', 'symlink_install': True, 'test_result_base': None}
[5.050s] INFO:colcon.colcon_core.executor:Executing jobs using 'parallel' executor
[5.051s] DEBUG:colcon.colcon_parallel_executor.executor.parallel:run_until_complete
[5.051s] INFO:colcon.colcon_ros.task.ament_python.build:Building ROS package in '/home/t31/test/ws_Comp/autodrive_devkit1' with build type 'ament_python'
[5.051s] Level 1:colcon.colcon_core.shell:create_environment_hook('autodrive_roboracer', 'ament_prefix_path')
[5.082s] INFO:colcon.colcon_core.plugin_system:Skipping extension 'colcon_core.shell.bat': Not used on non-Windows systems
[5.083s] INFO:colcon.colcon_core.shell:Creating environment hook '/home/t31/test/ws_Comp/autodrive_devkit1/install/autodrive_roboracer/share/autodrive_roboracer/hook/ament_prefix_path.ps1'
[5.083s] INFO:colcon.colcon_core.shell:Creating environment descriptor '/home/t31/test/ws_Comp/autodrive_devkit1/install/autodrive_roboracer/share/autodrive_roboracer/hook/ament_prefix_path.dsv'
[5.084s] INFO:colcon.colcon_core.shell:Creating environment hook '/home/t31/test/ws_Comp/autodrive_devkit1/install/autodrive_roboracer/share/autodrive_roboracer/hook/ament_prefix_path.sh'
[5.085s] INFO:colcon.colcon_core.shell:Skip shell extension 'powershell' for command environment: Not usable outside of PowerShell
[5.085s] DEBUG:colcon.colcon_core.shell:Skip shell extension 'dsv' for command environment
[5.087s] INFO:colcon.colcon_ros.task.ament_python.build:Building ROS package in '/home/t31/test/ws_Comp/autodrive_devkit1/roboracer_autonomy' with build type 'ament_python'
[5.087s] Level 1:colcon.colcon_core.shell:create_environment_hook('roboracer_autonomy', 'ament_prefix_path')
[5.087s] INFO:colcon.colcon_core.shell:Creating environment hook '/home/t31/test/ws_Comp/autodrive_devkit1/install/roboracer_autonomy/share/roboracer_autonomy/hook/ament_prefix_path.ps1'
[5.088s] INFO:colcon.colcon_core.shell:Creating environment descriptor '/home/t31/test/ws_Comp/autodrive_devkit1/install/roboracer_autonomy/share/roboracer_autonomy/hook/ament_prefix_path.dsv'
[5.088s] INFO:colcon.colcon_core.shell:Creating environment hook '/home/t31/test/ws_Comp/autodrive_devkit1/install/roboracer_autonomy/share/roboracer_autonomy/hook/ament_prefix_path.sh'
[5.089s] INFO:colcon.colcon_core.shell:Skip shell extension 'powershell' for command environment: Not usable outside of PowerShell
[5.089s] DEBUG:colcon.colcon_core.shell:Skip shell extension 'dsv' for command environment
[5.382s] INFO:colcon.colcon_core.task.python.build:Building Python package in '/home/t31/test/ws_Comp/autodrive_devkit1'
[5.383s] INFO:colcon.colcon_core.shell:Skip shell extension 'powershell' for command environment: Not usable outside of PowerShell
[5.383s] DEBUG:colcon.colcon_core.shell:Skip shell extension 'dsv' for command environment
[5.607s] INFO:colcon.colcon_core.task.python.build:Building Python package in '/home/t31/test/ws_Comp/autodrive_devkit1/roboracer_autonomy'
[5.608s] INFO:colcon.colcon_core.shell:Skip shell extension 'powershell' for command environment: Not usable outside of PowerShell
[5.608s] DEBUG:colcon.colcon_core.shell:Skip shell extension 'dsv' for command environment
[7.414s] DEBUG:colcon.colcon_core.event_handler.log_command:Invoking command in '/home/t31/test/ws_Comp/autodrive_devkit1/build/autodrive_roboracer': PYTHONPATH=/home/t31/test/ws_Comp/autodrive_devkit1/build/autodrive_roboracer/prefix_override:/usr/lib/python3/dist-packages/colcon_core/task/python/colcon_distutils_commands:/home/t31/test/ws_Comp/autodrive_devkit1/install/autodrive_roboracer/lib/python3.10/site-packages:${PYTHONPATH} VIRTUAL_ENV_PROMPT=(.venv) /usr/bin/python3 -W ignore:setup.py install is deprecated -W ignore:easy_install command is deprecated setup.py develop --editable --build-directory /home/t31/test/ws_Comp/autodrive_devkit1/build/autodrive_roboracer/build --no-deps symlink_data
[7.416s] DEBUG:colcon.colcon_core.event_handler.log_command:Invoking command in '/home/t31/test/ws_Comp/autodrive_devkit1/build/roboracer_autonomy': PYTHONPATH=/home/t31/test/ws_Comp/autodrive_devkit1/build/roboracer_autonomy/prefix_override:/usr/lib/python3/dist-packages/colcon_core/task/python/colcon_distutils_commands:/home/t31/test/ws_Comp/autodrive_devkit1/install/roboracer_autonomy/lib/python3.10/site-packages:${PYTHONPATH} VIRTUAL_ENV_PROMPT=(.venv) /usr/bin/python3 -W ignore:setup.py install is deprecated -W ignore:easy_install command is deprecated setup.py develop --editable --build-directory /home/t31/test/ws_Comp/autodrive_devkit1/build/roboracer_autonomy/build --no-deps symlink_data
[7.832s] Level 1:colcon.colcon_core.shell:create_environment_hook('roboracer_autonomy', 'pythonpath_develop')
[7.832s] INFO:colcon.colcon_core.shell:Creating environment hook '/home/t31/test/ws_Comp/autodrive_devkit1/build/roboracer_autonomy/share/roboracer_autonomy/hook/pythonpath_develop.ps1'
[7.833s] INFO:colcon.colcon_core.shell:Creating environment descriptor '/home/t31/test/ws_Comp/autodrive_devkit1/build/roboracer_autonomy/share/roboracer_autonomy/hook/pythonpath_develop.dsv'
[7.833s] INFO:colcon.colcon_core.shell:Creating environment hook '/home/t31/test/ws_Comp/autodrive_devkit1/build/roboracer_autonomy/share/roboracer_autonomy/hook/pythonpath_develop.sh'
[7.834s] DEBUG:colcon.colcon_core.event_handler.log_command:Invoked command in '/home/t31/test/ws_Comp/autodrive_devkit1/build/roboracer_autonomy' returned '0': PYTHONPATH=/home/t31/test/ws_Comp/autodrive_devkit1/build/roboracer_autonomy/prefix_override:/usr/lib/python3/dist-packages/colcon_core/task/python/colcon_distutils_commands:/home/t31/test/ws_Comp/autodrive_devkit1/install/roboracer_autonomy/lib/python3.10/site-packages:${PYTHONPATH} VIRTUAL_ENV_PROMPT=(.venv) /usr/bin/python3 -W ignore:setup.py install is deprecated -W ignore:easy_install command is deprecated setup.py develop --editable --build-directory /home/t31/test/ws_Comp/autodrive_devkit1/build/roboracer_autonomy/build --no-deps symlink_data
[7.854s] Level 1:colcon.colcon_core.environment:checking '/home/t31/test/ws_Comp/autodrive_devkit1/install/roboracer_autonomy' for CMake module files
[7.854s] Level 1:colcon.colcon_core.environment:checking '/home/t31/test/ws_Comp/autodrive_devkit1/install/roboracer_autonomy' for CMake config files
[7.854s] Level 1:colcon.colcon_core.environment:checking '/home/t31/test/ws_Comp/autodrive_devkit1/install/roboracer_autonomy/lib'
[7.855s] Level 1:colcon.colcon_core.environment:checking '/home/t31/test/ws_Comp/autodrive_devkit1/install/roboracer_autonomy/bin'
[7.855s] Level 1:colcon.colcon_core.environment:checking '/home/t31/test/ws_Comp/autodrive_devkit1/install/roboracer_autonomy/lib/pkgconfig/roboracer_autonomy.pc'
[7.855s] Level 1:colcon.colcon_core.environment:checking '/home/t31/test/ws_Comp/autodrive_devkit1/install/roboracer_autonomy/lib/python3.10/site-packages'
[7.855s] Level 1:colcon.colcon_core.shell:create_environment_hook('roboracer_autonomy', 'pythonpath')
[7.855s] INFO:colcon.colcon_core.shell:Creating environment hook '/home/t31/test/ws_Comp/autodrive_devkit1/install/roboracer_autonomy/share/roboracer_autonomy/hook/pythonpath.ps1'
[7.855s] INFO:colcon.colcon_core.shell:Creating environment descriptor '/home/t31/test/ws_Comp/autodrive_devkit1/install/roboracer_autonomy/share/roboracer_autonomy/hook/pythonpath.dsv'
[7.856s] INFO:colcon.colcon_core.shell:Creating environment hook '/home/t31/test/ws_Comp/autodrive_devkit1/install/roboracer_autonomy/share/roboracer_autonomy/hook/pythonpath.sh'
[7.856s] Level 1:colcon.colcon_core.environment:checking '/home/t31/test/ws_Comp/autodrive_devkit1/install/roboracer_autonomy/bin'
[7.856s] Level 1:colcon.colcon_core.environment:create_environment_scripts_only(roboracer_autonomy)
[7.857s] INFO:colcon.colcon_core.shell:Creating package script '/home/t31/test/ws_Comp/autodrive_devkit1/install/roboracer_autonomy/share/roboracer_autonomy/package.ps1'
[7.858s] INFO:colcon.colcon_core.shell:Creating package descriptor '/home/t31/test/ws_Comp/autodrive_devkit1/install/roboracer_autonomy/share/roboracer_autonomy/package.dsv'
[7.858s] INFO:colcon.colcon_core.shell:Creating package script '/home/t31/test/ws_Comp/autodrive_devkit1/install/roboracer_autonomy/share/roboracer_autonomy/package.sh'
[7.859s] INFO:colcon.colcon_core.shell:Creating package script '/home/t31/test/ws_Comp/autodrive_devkit1/install/roboracer_autonomy/share/roboracer_autonomy/package.bash'
[7.860s] INFO:colcon.colcon_core.shell:Creating package script '/home/t31/test/ws_Comp/autodrive_devkit1/install/roboracer_autonomy/share/roboracer_autonomy/package.zsh'
[7.861s] Level 1:colcon.colcon_core.environment:create_file_with_runtime_dependencies(/home/t31/test/ws_Comp/autodrive_devkit1/install/roboracer_autonomy/share/colcon-core/packages/roboracer_autonomy)
[7.862s] Level 1:colcon.colcon_core.shell:create_environment_hook('autodrive_roboracer', 'pythonpath_develop')
[7.863s] INFO:colcon.colcon_core.shell:Creating environment hook '/home/t31/test/ws_Comp/autodrive_devkit1/build/autodrive_roboracer/share/autodrive_roboracer/hook/pythonpath_develop.ps1'
[7.862s] DEBUG:colcon.colcon_core.event_handler.log_command:Invoked command in '/home/t31/test/ws_Comp/autodrive_devkit1/build/autodrive_roboracer' returned '0': PYTHONPATH=/home/t31/test/ws_Comp/autodrive_devkit1/build/autodrive_roboracer/prefix_override:/usr/lib/python3/dist-packages/colcon_core/task/python/colcon_distutils_commands:/home/t31/test/ws_Comp/autodrive_devkit1/install/autodrive_roboracer/lib/python3.10/site-packages:${PYTHONPATH} VIRTUAL_ENV_PROMPT=(.venv) /usr/bin/python3 -W ignore:setup.py install is deprecated -W ignore:easy_install command is deprecated setup.py develop --editable --build-directory /home/t31/test/ws_Comp/autodrive_devkit1/build/autodrive_roboracer/build --no-deps symlink_data
[7.864s] INFO:colcon.colcon_core.shell:Creating environment descriptor '/home/t31/test/ws_Comp/autodrive_devkit1/build/autodrive_roboracer/share/autodrive_roboracer/hook/pythonpath_develop.dsv'
[7.864s] INFO:colcon.colcon_core.shell:Creating environment hook '/home/t31/test/ws_Comp/autodrive_devkit1/build/autodrive_roboracer/share/autodrive_roboracer/hook/pythonpath_develop.sh'
[7.865s] Level 1:colcon.colcon_core.environment:checking '/home/t31/test/ws_Comp/autodrive_devkit1/install/autodrive_roboracer' for CMake module files
[7.865s] Level 1:colcon.colcon_core.environment:checking '/home/t31/test/ws_Comp/autodrive_devkit1/install/autodrive_roboracer' for CMake config files
[7.866s] Level 1:colcon.colcon_core.environment:checking '/home/t31/test/ws_Comp/autodrive_devkit1/install/autodrive_roboracer/lib'
[7.866s] Level 1:colcon.colcon_core.environment:checking '/home/t31/test/ws_Comp/autodrive_devkit1/install/autodrive_roboracer/bin'
[7.866s] Level 1:colcon.colcon_core.environment:checking '/home/t31/test/ws_Comp/autodrive_devkit1/install/autodrive_roboracer/lib/pkgconfig/autodrive_roboracer.pc'
[7.866s] Level 1:colcon.colcon_core.environment:checking '/home/t31/test/ws_Comp/autodrive_devkit1/install/autodrive_roboracer/lib/python3.10/site-packages'
[7.866s] Level 1:colcon.colcon_core.shell:create_environment_hook('autodrive_roboracer', 'pythonpath')
[7.867s] INFO:colcon.colcon_core.shell:Creating environment hook '/home/t31/test/ws_Comp/autodrive_devkit1/install/autodrive_roboracer/share/autodrive_roboracer/hook/pythonpath.ps1'
[7.867s] INFO:colcon.colcon_core.shell:Creating environment descriptor '/home/t31/test/ws_Comp/autodrive_devkit1/install/autodrive_roboracer/share/autodrive_roboracer/hook/pythonpath.dsv'
[7.867s] INFO:colcon.colcon_core.shell:Creating environment hook '/home/t31/test/ws_Comp/autodrive_devkit1/install/autodrive_roboracer/share/autodrive_roboracer/hook/pythonpath.sh'
[7.868s] Level 1:colcon.colcon_core.environment:checking '/home/t31/test/ws_Comp/autodrive_devkit1/install/autodrive_roboracer/bin'
[7.868s] Level 1:colcon.colcon_core.environment:create_environment_scripts_only(autodrive_roboracer)
[7.868s] INFO:colcon.colcon_core.shell:Creating package script '/home/t31/test/ws_Comp/autodrive_devkit1/install/autodrive_roboracer/share/autodrive_roboracer/package.ps1'
[7.869s] INFO:colcon.colcon_core.shell:Creating package descriptor '/home/t31/test/ws_Comp/autodrive_devkit1/install/autodrive_roboracer/share/autodrive_roboracer/package.dsv'
[7.870s] INFO:colcon.colcon_core.shell:Creating package script '/home/t31/test/ws_Comp/autodrive_devkit1/install/autodrive_roboracer/share/autodrive_roboracer/package.sh'
[7.870s] INFO:colcon.colcon_core.shell:Creating package script '/home/t31/test/ws_Comp/autodrive_devkit1/install/autodrive_roboracer/share/autodrive_roboracer/package.bash'
[7.870s] INFO:colcon.colcon_core.shell:Creating package script '/home/t31/test/ws_Comp/autodrive_devkit1/install/autodrive_roboracer/share/autodrive_roboracer/package.zsh'
[7.871s] Level 1:colcon.colcon_core.environment:create_file_with_runtime_dependencies(/home/t31/test/ws_Comp/autodrive_devkit1/install/autodrive_roboracer/share/colcon-core/packages/autodrive_roboracer)
[7.871s] DEBUG:colcon.colcon_parallel_executor.executor.parallel:closing loop
[7.871s] DEBUG:colcon.colcon_parallel_executor.executor.parallel:loop closed
[7.872s] DEBUG:colcon.colcon_parallel_executor.executor.parallel:run_until_complete finished with '0'
[7.872s] DEBUG:colcon.colcon_core.event_reactor:joining thread
[7.885s] INFO:colcon.colcon_core.plugin_system:Skipping extension 'colcon_notification.desktop_notification.terminal_notifier': Not used on non-Darwin systems
[7.885s] INFO:colcon.colcon_core.plugin_system:Skipping extension 'colcon_notification.desktop_notification.win32': Not used on non-Windows systems
[7.885s] INFO:colcon.colcon_notification.desktop_notification:Sending desktop notification using 'notify2'
[7.900s] DEBUG:colcon.colcon_core.event_reactor:joined thread
[7.900s] INFO:colcon.colcon_core.shell:Creating prefix script '/home/t31/test/ws_Comp/autodrive_devkit1/install/local_setup.ps1'
[7.920s] INFO:colcon.colcon_core.shell:Creating prefix util module '/home/t31/test/ws_Comp/autodrive_devkit1/install/_local_setup_util_ps1.py'
[7.921s] INFO:colcon.colcon_core.shell:Creating prefix chain script '/home/t31/test/ws_Comp/autodrive_devkit1/install/setup.ps1'
[7.922s] INFO:colcon.colcon_core.shell:Creating prefix script '/home/t31/test/ws_Comp/autodrive_devkit1/install/local_setup.sh'
[7.923s] INFO:colcon.colcon_core.shell:Creating prefix util module '/home/t31/test/ws_Comp/autodrive_devkit1/install/_local_setup_util_sh.py'
[7.924s] INFO:colcon.colcon_core.shell:Creating prefix chain script '/home/t31/test/ws_Comp/autodrive_devkit1/install/setup.sh'
[7.925s] INFO:colcon.colcon_core.shell:Creating prefix script '/home/t31/test/ws_Comp/autodrive_devkit1/install/local_setup.bash'
[7.925s] INFO:colcon.colcon_core.shell:Creating prefix chain script '/home/t31/test/ws_Comp/autodrive_devkit1/install/setup.bash'
[7.930s] INFO:colcon.colcon_core.shell:Creating prefix script '/home/t31/test/ws_Comp/autodrive_devkit1/install/local_setup.zsh'
[7.940s] INFO:colcon.colcon_core.shell:Creating prefix chain script '/home/t31/test/ws_Comp/autodrive_devkit1/install/setup.zsh'
